[debug] [2025-11-25T09:53:12.870Z] ----------------------------------------------------------------------
[debug] [2025-11-25T09:53:12.876Z] Command:       /opt/homebrew/Cellar/node/24.3.0/bin/node /opt/homebrew/bin/firebase emulators:start --only functions
[debug] [2025-11-25T09:53:12.876Z] CLI Version:   14.26.0
[debug] [2025-11-25T09:53:12.876Z] Platform:      darwin
[debug] [2025-11-25T09:53:12.876Z] Node Version:  v24.3.0
[debug] [2025-11-25T09:53:12.877Z] Time:          Tue Nov 25 2025 16:53:12 GMT+0700 (Indochina Time)
[debug] [2025-11-25T09:53:12.877Z] ----------------------------------------------------------------------
[debug] 
[debug] [2025-11-25T09:53:13.007Z] > command requires scopes: ["email","openid","https://www.googleapis.com/auth/cloudplatformprojects.readonly","https://www.googleapis.com/auth/firebase","https://www.googleapis.com/auth/cloud-platform"]
[debug] [2025-11-25T09:53:13.007Z] > authorizing via signed-in user (ngocquynh23042005@gmail.com)
[info] i  emulators: Starting emulators: functions {"metadata":{"emulator":{"name":"hub"},"message":"Starting emulators: functions"}}
[debug] [2025-11-25T09:53:13.275Z] [logging] Logging Emulator only supports listening on one address (127.0.0.1). Not listening on ::1
[debug] [2025-11-25T09:53:13.275Z] assigned listening specs for emulators {"user":{"hub":[{"address":"127.0.0.1","family":"IPv4","port":4400},{"address":"::1","family":"IPv6","port":4400}],"ui":[{"address":"127.0.0.1","family":"IPv4","port":4000},{"address":"::1","family":"IPv6","port":4000}],"logging":[{"address":"127.0.0.1","family":"IPv4","port":4500}]},"metadata":{"message":"assigned listening specs for emulators"}}
[debug] [2025-11-25T09:53:13.278Z] Emulator locator file path: /var/folders/yv/m6xg0wq90m5d6836mffnz9300000gn/T/hub-learningenglishvocab-89721.json
[debug] [2025-11-25T09:53:13.278Z] [hub] writing locator at /var/folders/yv/m6xg0wq90m5d6836mffnz9300000gn/T/hub-learningenglishvocab-89721.json
[debug] [2025-11-25T09:53:13.543Z] [functions] Functions Emulator only supports listening on one address (127.0.0.1). Not listening on ::1
[debug] [2025-11-25T09:53:13.543Z] [eventarc] Eventarc Emulator only supports listening on one address (127.0.0.1). Not listening on ::1
[debug] [2025-11-25T09:53:13.543Z] [tasks] Cloud Tasks Emulator only supports listening on one address (127.0.0.1). Not listening on ::1
[debug] [2025-11-25T09:53:13.543Z] late-assigned ports for functions and eventarc emulators {"user":{"hub":[{"address":"127.0.0.1","family":"IPv4","port":4400},{"address":"::1","family":"IPv6","port":4400}],"ui":[{"address":"127.0.0.1","family":"IPv4","port":4000},{"address":"::1","family":"IPv6","port":4000}],"logging":[{"address":"127.0.0.1","family":"IPv4","port":4500}],"functions":[{"address":"127.0.0.1","family":"IPv4","port":5001}],"eventarc":[{"address":"127.0.0.1","family":"IPv4","port":9299}],"tasks":[{"address":"127.0.0.1","family":"IPv4","port":9499}]},"metadata":{"message":"late-assigned ports for functions and eventarc emulators"}}
[warn] ⚠  functions: The following emulators are not running, calls to these services from the Functions emulator will affect production: apphosting, auth, firestore, database, hosting, pubsub, storage, dataconnect {"metadata":{"emulator":{"name":"functions"},"message":"The following emulators are not running, calls to these services from the Functions emulator will affect production: \u001b[1mapphosting, auth, firestore, database, hosting, pubsub, storage, dataconnect\u001b[22m"}}
[debug] [2025-11-25T09:53:13.600Z] defaultcredentials: writing to file /Users/admin/.config/firebase/ngocquynh23042005_gmail_com_application_default_credentials.json
[debug] [2025-11-25T09:53:13.601Z] Setting GAC to /Users/admin/.config/firebase/ngocquynh23042005_gmail_com_application_default_credentials.json {"metadata":{"emulator":{"name":"functions"},"message":"Setting GAC to /Users/admin/.config/firebase/ngocquynh23042005_gmail_com_application_default_credentials.json"}}
[debug] [2025-11-25T09:53:13.602Z] Checked if tokens are valid: true, expires at: 1764066335583
[debug] [2025-11-25T09:53:13.602Z] Checked if tokens are valid: true, expires at: 1764066335583
[debug] [2025-11-25T09:53:13.602Z] >>> [apiv2][query] GET https://firebase.googleapis.com/v1beta1/projects/learningenglishvocab-89721/adminSdkConfig [none]
[debug] [2025-11-25T09:53:14.490Z] <<< [apiv2][status] GET https://firebase.googleapis.com/v1beta1/projects/learningenglishvocab-89721/adminSdkConfig 200
[debug] [2025-11-25T09:53:14.490Z] <<< [apiv2][body] GET https://firebase.googleapis.com/v1beta1/projects/learningenglishvocab-89721/adminSdkConfig {"projectId":"learningenglishvocab-89721","storageBucket":"learningenglishvocab-89721.firebasestorage.app"}
[info] i  functions: Watching "/Users/admin/Desktop/VKU/kì 5/Đồ án cơ sở 4/EAPP_Admin_Web/EAPP-admin-web/functions" for Cloud Functions... {"metadata":{"emulator":{"name":"functions"},"message":"Watching \"/Users/admin/Desktop/VKU/kì 5/Đồ án cơ sở 4/EAPP_Admin_Web/EAPP-admin-web/functions\" for Cloud Functions..."}}
[debug] [2025-11-25T09:53:14.513Z] Validating nodejs source
[debug] [2025-11-25T09:53:15.137Z] > [functions] package.json contents: {
  "name": "functions",
  "description": "Cloud Functions for Firebase",
  "scripts": {
    "serve": "firebase emulators:start --only functions",
    "shell": "firebase functions:shell",
    "start": "npm run shell",
    "deploy": "firebase deploy --only functions",
    "logs": "firebase functions:log"
  },
  "engines": {
    "node": "24"
  },
  "main": "index.js",
  "dependencies": {
    "dotenv": "^17.2.3",
    "firebase-admin": "^13.6.0",
    "firebase-functions": "^7.0.0",
    "pg": "^8.16.3"
  },
  "devDependencies": {
    "firebase-functions-test": "^3.4.1"
  },
  "private": true
}
[debug] [2025-11-25T09:53:15.137Z] Building nodejs source
[debug] [2025-11-25T09:53:15.137Z] Failed to find version of module node: reached end of search path /Users/admin/Desktop/VKU/kì 5/Đồ án cơ sở 4/EAPP_Admin_Web/EAPP-admin-web/functions/node_modules
[info] ✔  functions: Using node@24 from host. 
[info] i  functions: Loaded environment variables from .env. 
[debug] [2025-11-25T09:53:15.140Z] Could not find functions.yaml. Must use http discovery
[debug] [2025-11-25T09:53:15.145Z] Found firebase-functions binary at '/Users/admin/Desktop/VKU/kì 5/Đồ án cơ sở 4/EAPP_Admin_Web/EAPP-admin-web/functions/node_modules/.bin/firebase-functions'
[info] Serving at port 8725

[info] [dotenv@17.2.3] injecting env (2) from .env -- tip: 🔑 add access controls to secrets: https://dotenvx.com/ops

[debug] [2025-11-25T09:53:15.434Z] Got response from /__/functions.yaml {"endpoints":{"getDataFromNeon":{"availableMemoryMb":null,"timeoutSeconds":null,"minInstances":null,"maxInstances":null,"ingressSettings":null,"concurrency":null,"serviceAccountEmail":null,"vpc":null,"platform":"gcfv2","labels":{},"callableTrigger":{},"entryPoint":"getDataFromNeon"}},"specVersion":"v1alpha1","requiredAPIs":[],"extensions":{}}
[info] ✔  functions: Loaded functions definitions from source: getDataFromNeon. {"metadata":{"emulator":{"name":"functions"},"message":"Loaded functions definitions from source: getDataFromNeon."}}
[info] ✔  functions[us-central1-getDataFromNeon]: http function initialized (http://127.0.0.1:5001/learningenglishvocab-89721/us-central1/getDataFromNeon). {"metadata":{"emulator":{"name":"functions"},"message":"\u001b[1mhttp\u001b[22m function initialized (http://127.0.0.1:5001/learningenglishvocab-89721/us-central1/getDataFromNeon)."}}
[debug] [2025-11-25T09:53:19.460Z] Could not find VSCode notification endpoint: FetchError: request to http://localhost:40001/vscode/notify failed, reason: . If you are not running the Firebase Data Connect VSCode extension, this is expected and not an issue.
[info] 
┌─────────────────────────────────────────────────────────────┐
│ ✔  All emulators ready! It is now safe to connect your app. │
│ i  View Emulator UI at http://127.0.0.1:4000/               │
└─────────────────────────────────────────────────────────────┘

┌───────────┬────────────────┬─────────────────────────────────┐
│ Emulator  │ Host:Port      │ View in Emulator UI             │
├───────────┼────────────────┼─────────────────────────────────┤
│ Functions │ 127.0.0.1:5001 │ http://127.0.0.1:4000/functions │
└───────────┴────────────────┴─────────────────────────────────┘
  Emulator Hub host: 127.0.0.1 port: 4400
  Other reserved ports: 4500

Issues? Report them at https://github.com/firebase/firebase-tools/issues and attach the *-debug.log files.
 
[debug] [2025-11-25T09:53:46.637Z] [work-queue] {"queuedWork":["/learningenglishvocab-89721/us-central1/getDataFromNeon-2025-11-25T09:53:46.636Z"],"queueLength":1,"runningWork":[],"workRunningCount":0}
[debug] [2025-11-25T09:53:46.637Z] [work-queue] {"queuedWork":[],"queueLength":0,"runningWork":["/learningenglishvocab-89721/us-central1/getDataFromNeon-2025-11-25T09:53:46.636Z"],"workRunningCount":1}
[debug] [2025-11-25T09:53:46.638Z] Accepted request OPTIONS /learningenglishvocab-89721/us-central1/getDataFromNeon --> us-central1-getDataFromNeon
[debug] [2025-11-25T09:53:46.642Z] [functions] Runtime ready! Sending request! {"metadata":{"emulator":{"name":"functions"},"message":"[functions] Runtime ready! Sending request!"}}
[debug] [2025-11-25T09:53:46.642Z] [functions] Got req.url=/learningenglishvocab-89721/us-central1/getDataFromNeon, mapping to path=/ {"metadata":{"emulator":{"name":"functions"},"message":"[functions] Got req.url=/learningenglishvocab-89721/us-central1/getDataFromNeon, mapping to path=/"}}
[info] i  functions: Loaded environment variables from .env. 
[debug] [2025-11-25T09:53:46.647Z] [worker-pool] addWorker(us-central1-getDataFromNeon) {"metadata":{"emulator":{"name":"functions"},"message":"[worker-pool] addWorker(us-central1-getDataFromNeon)"}}
[debug] [2025-11-25T09:53:46.647Z] [worker-pool] Adding worker with key us-central1-getDataFromNeon, total=1 {"metadata":{"emulator":{"name":"functions"},"message":"[worker-pool] Adding worker with key us-central1-getDataFromNeon, total=1"}}
[debug] [2025-11-25T09:53:47.219Z] [runtime-status] [75281] Resolved module firebase-admin {"declared":true,"installed":true,"version":"13.6.0","resolution":"/Users/admin/Desktop/VKU/kì 5/Đồ án cơ sở 4/EAPP_Admin_Web/EAPP-admin-web/functions/node_modules/firebase-admin/lib/index.js"} {"metadata":{"emulator":{"name":"functions"},"function":{"name":"us-central1-getDataFromNeon"},"extension":{},"message":"[runtime-status] [75281] Resolved module firebase-admin {\"declared\":true,\"installed\":true,\"version\":\"13.6.0\",\"resolution\":\"/Users/admin/Desktop/VKU/kì 5/Đồ án cơ sở 4/EAPP_Admin_Web/EAPP-admin-web/functions/node_modules/firebase-admin/lib/index.js\"}"}}
[debug] [2025-11-25T09:53:47.219Z] [runtime-status] [75281] Resolved module firebase-functions {"declared":true,"installed":true,"version":"7.0.0","resolution":"/Users/admin/Desktop/VKU/kì 5/Đồ án cơ sở 4/EAPP_Admin_Web/EAPP-admin-web/functions/node_modules/firebase-functions/lib/v2/index.js"} {"metadata":{"emulator":{"name":"functions"},"function":{"name":"us-central1-getDataFromNeon"},"extension":{},"message":"[runtime-status] [75281] Resolved module firebase-functions {\"declared\":true,\"installed\":true,\"version\":\"7.0.0\",\"resolution\":\"/Users/admin/Desktop/VKU/kì 5/Đồ án cơ sở 4/EAPP_Admin_Web/EAPP-admin-web/functions/node_modules/firebase-functions/lib/v2/index.js\"}"}}
[debug] [2025-11-25T09:53:47.219Z] [runtime-status] [75281] Outgoing network have been stubbed. [{"name":"http","status":"mocked"},{"name":"http","status":"mocked"},{"name":"https","status":"mocked"},{"name":"https","status":"mocked"},{"name":"net","status":"mocked"}] {"metadata":{"emulator":{"name":"functions"},"function":{"name":"us-central1-getDataFromNeon"},"extension":{},"message":"[runtime-status] [75281] Outgoing network have been stubbed. [{\"name\":\"http\",\"status\":\"mocked\"},{\"name\":\"http\",\"status\":\"mocked\"},{\"name\":\"https\",\"status\":\"mocked\"},{\"name\":\"https\",\"status\":\"mocked\"},{\"name\":\"net\",\"status\":\"mocked\"}]"}}
[debug] [2025-11-25T09:53:47.219Z] [runtime-status] [75281] Resolved module firebase-functions {"declared":true,"installed":true,"version":"7.0.0","resolution":"/Users/admin/Desktop/VKU/kì 5/Đồ án cơ sở 4/EAPP_Admin_Web/EAPP-admin-web/functions/node_modules/firebase-functions/lib/v2/index.js"} {"metadata":{"emulator":{"name":"functions"},"function":{"name":"us-central1-getDataFromNeon"},"extension":{},"message":"[runtime-status] [75281] Resolved module firebase-functions {\"declared\":true,\"installed\":true,\"version\":\"7.0.0\",\"resolution\":\"/Users/admin/Desktop/VKU/kì 5/Đồ án cơ sở 4/EAPP_Admin_Web/EAPP-admin-web/functions/node_modules/firebase-functions/lib/v2/index.js\"}"}}
[debug] [2025-11-25T09:53:47.219Z] [runtime-status] [75281] Detected firebase-functions v7+, skipping config helper. {"metadata":{"emulator":{"name":"functions"},"function":{"name":"us-central1-getDataFromNeon"},"extension":{},"message":"[runtime-status] [75281] Detected firebase-functions v7+, skipping config helper."}}
[debug] [2025-11-25T09:53:47.219Z] [runtime-status] [75281] Resolved module firebase-functions {"declared":true,"installed":true,"version":"7.0.0","resolution":"/Users/admin/Desktop/VKU/kì 5/Đồ án cơ sở 4/EAPP_Admin_Web/EAPP-admin-web/functions/node_modules/firebase-functions/lib/v2/index.js"} {"metadata":{"emulator":{"name":"functions"},"function":{"name":"us-central1-getDataFromNeon"},"extension":{},"message":"[runtime-status] [75281] Resolved module firebase-functions {\"declared\":true,\"installed\":true,\"version\":\"7.0.0\",\"resolution\":\"/Users/admin/Desktop/VKU/kì 5/Đồ án cơ sở 4/EAPP_Admin_Web/EAPP-admin-web/functions/node_modules/firebase-functions/lib/v2/index.js\"}"}}
[debug] [2025-11-25T09:53:47.219Z] [runtime-status] [75281] Detected firebase-functions v7+, skipping legacy stubs. {"metadata":{"emulator":{"name":"functions"},"function":{"name":"us-central1-getDataFromNeon"},"extension":{},"message":"[runtime-status] [75281] Detected firebase-functions v7+, skipping legacy stubs."}}
[debug] [2025-11-25T09:53:47.220Z] [runtime-status] [75281] Resolved module firebase-admin {"declared":true,"installed":true,"version":"13.6.0","resolution":"/Users/admin/Desktop/VKU/kì 5/Đồ án cơ sở 4/EAPP_Admin_Web/EAPP-admin-web/functions/node_modules/firebase-admin/lib/index.js"} {"metadata":{"emulator":{"name":"functions"},"function":{"name":"us-central1-getDataFromNeon"},"extension":{},"message":"[runtime-status] [75281] Resolved module firebase-admin {\"declared\":true,\"installed\":true,\"version\":\"13.6.0\",\"resolution\":\"/Users/admin/Desktop/VKU/kì 5/Đồ án cơ sở 4/EAPP_Admin_Web/EAPP-admin-web/functions/node_modules/firebase-admin/lib/index.js\"}"}}
[debug] [2025-11-25T09:53:47.255Z] [runtime-status] [75281] Resolved module firebase-functions {"declared":true,"installed":true,"version":"7.0.0","resolution":"/Users/admin/Desktop/VKU/kì 5/Đồ án cơ sở 4/EAPP_Admin_Web/EAPP-admin-web/functions/node_modules/firebase-functions/lib/v2/index.js"} {"metadata":{"emulator":{"name":"functions"},"function":{"name":"us-central1-getDataFromNeon"},"extension":{},"message":"[runtime-status] [75281] Resolved module firebase-functions {\"declared\":true,\"installed\":true,\"version\":\"7.0.0\",\"resolution\":\"/Users/admin/Desktop/VKU/kì 5/Đồ án cơ sở 4/EAPP_Admin_Web/EAPP-admin-web/functions/node_modules/firebase-functions/lib/v2/index.js\"}"}}
[debug] [2025-11-25T09:53:47.404Z] [runtime-status] [75281] firebase-admin has been stubbed. {"adminResolution":{"declared":true,"installed":true,"version":"13.6.0","resolution":"/Users/admin/Desktop/VKU/kì 5/Đồ án cơ sở 4/EAPP_Admin_Web/EAPP-admin-web/functions/node_modules/firebase-admin/lib/index.js"}} {"metadata":{"emulator":{"name":"functions"},"function":{"name":"us-central1-getDataFromNeon"},"extension":{},"message":"[runtime-status] [75281] firebase-admin has been stubbed. {\"adminResolution\":{\"declared\":true,\"installed\":true,\"version\":\"13.6.0\",\"resolution\":\"/Users/admin/Desktop/VKU/kì 5/Đồ án cơ sở 4/EAPP_Admin_Web/EAPP-admin-web/functions/node_modules/firebase-admin/lib/index.js\"}}"}}
[info] >  [dotenv@17.2.3] injecting env (0) from .env -- tip: 🔐 prevent building .env in docker: https://dotenvx.com/prebuild {"user":"[dotenv@17.2.3] injecting env (0) from .env -- tip: 🔐 prevent building .env in docker: https://dotenvx.com/prebuild","metadata":{"emulator":{"name":"functions"},"function":{"name":"us-central1-getDataFromNeon"},"extension":{},"message":"\u001b[90m> \u001b[39m [dotenv@17.2.3] injecting env (0) from .env -- tip: 🔐 prevent building .env in docker: https://dotenvx.com/prebuild"}}
[debug] [2025-11-25T09:53:47.418Z] [runtime-status] [75281] Functions runtime initialized. {"cwd":"/Users/admin/Desktop/VKU/kì 5/Đồ án cơ sở 4/EAPP_Admin_Web/EAPP-admin-web/functions","node_version":"24.3.0"} {"metadata":{"emulator":{"name":"functions"},"function":{"name":"us-central1-getDataFromNeon"},"extension":{},"message":"[runtime-status] [75281] Functions runtime initialized. {\"cwd\":\"/Users/admin/Desktop/VKU/kì 5/Đồ án cơ sở 4/EAPP_Admin_Web/EAPP-admin-web/functions\",\"node_version\":\"24.3.0\"}"}}
[debug] [2025-11-25T09:53:47.418Z] [runtime-status] [75281] Listening to port: /var/folders/yv/m6xg0wq90m5d6836mffnz9300000gn/T/fire_emu_17e77704565c7fe9.sock {"metadata":{"emulator":{"name":"functions"},"function":{"name":"us-central1-getDataFromNeon"},"extension":{},"message":"[runtime-status] [75281] Listening to port: /var/folders/yv/m6xg0wq90m5d6836mffnz9300000gn/T/fire_emu_17e77704565c7fe9.sock"}}
[debug] [2025-11-25T09:53:47.461Z] [worker-us-central1-getDataFromNeon-b691b825-bdd4-428c-bc57-6bf0bc8d6864]: IDLE {"metadata":{"emulator":{"name":"functions"},"function":{"name":"us-central1-getDataFromNeon"},"extension":{},"message":"[worker-us-central1-getDataFromNeon-b691b825-bdd4-428c-bc57-6bf0bc8d6864]: IDLE"}}
[debug] [2025-11-25T09:53:47.461Z] [worker-pool] submitRequest(triggerId=us-central1-getDataFromNeon) {"metadata":{"emulator":{"name":"functions"},"message":"[worker-pool] submitRequest(triggerId=us-central1-getDataFromNeon)"}}
[info] i  functions: Beginning execution of "us-central1-getDataFromNeon" {"metadata":{"emulator":{"name":"functions"},"function":{"name":"us-central1-getDataFromNeon"},"extension":{},"message":"Beginning execution of \"us-central1-getDataFromNeon\""}}
[debug] [2025-11-25T09:53:47.461Z] [worker-us-central1-getDataFromNeon-b691b825-bdd4-428c-bc57-6bf0bc8d6864]: BUSY {"metadata":{"emulator":{"name":"functions"},"function":{"name":"us-central1-getDataFromNeon"},"extension":{},"message":"[worker-us-central1-getDataFromNeon-b691b825-bdd4-428c-bc57-6bf0bc8d6864]: BUSY"}}
[debug] [2025-11-25T09:53:47.463Z] Finishing up request with event=pause {"metadata":{"emulator":{"name":"functions"},"function":{"name":"us-central1-getDataFromNeon"},"extension":{},"message":"Finishing up request with event=pause"}}
[info] i  functions: Finished "us-central1-getDataFromNeon" in 1.981583ms {"metadata":{"emulator":{"name":"functions"},"function":{"name":"us-central1-getDataFromNeon"},"extension":{},"message":"Finished \"us-central1-getDataFromNeon\" in 1.981583ms"}}
[debug] [2025-11-25T09:53:47.463Z] [worker-us-central1-getDataFromNeon-b691b825-bdd4-428c-bc57-6bf0bc8d6864]: IDLE {"metadata":{"emulator":{"name":"functions"},"function":{"name":"us-central1-getDataFromNeon"},"extension":{},"message":"[worker-us-central1-getDataFromNeon-b691b825-bdd4-428c-bc57-6bf0bc8d6864]: IDLE"}}
[debug] [2025-11-25T09:53:47.463Z] Finishing up request with event=finish {"metadata":{"emulator":{"name":"functions"},"function":{"name":"us-central1-getDataFromNeon"},"extension":{},"message":"Finishing up request with event=finish"}}
[debug] [2025-11-25T09:53:47.463Z] Finishing up request with event=close {"metadata":{"emulator":{"name":"functions"},"function":{"name":"us-central1-getDataFromNeon"},"extension":{},"message":"Finishing up request with event=close"}}
[debug] [2025-11-25T09:53:47.463Z] [work-queue] {"queuedWork":[],"queueLength":0,"runningWork":[],"workRunningCount":0}
[debug] [2025-11-25T09:53:47.467Z] [work-queue] {"queuedWork":["/learningenglishvocab-89721/us-central1/getDataFromNeon-2025-11-25T09:53:47.467Z"],"queueLength":1,"runningWork":[],"workRunningCount":0}
[debug] [2025-11-25T09:53:47.467Z] [work-queue] {"queuedWork":[],"queueLength":0,"runningWork":["/learningenglishvocab-89721/us-central1/getDataFromNeon-2025-11-25T09:53:47.467Z"],"workRunningCount":1}
[debug] [2025-11-25T09:53:47.467Z] Accepted request POST /learningenglishvocab-89721/us-central1/getDataFromNeon --> us-central1-getDataFromNeon
[debug] [2025-11-25T09:53:47.467Z] [functions] Runtime ready! Sending request! {"metadata":{"emulator":{"name":"functions"},"message":"[functions] Runtime ready! Sending request!"}}
[debug] [2025-11-25T09:53:47.467Z] [functions] Got req.url=/learningenglishvocab-89721/us-central1/getDataFromNeon, mapping to path=/ {"metadata":{"emulator":{"name":"functions"},"message":"[functions] Got req.url=/learningenglishvocab-89721/us-central1/getDataFromNeon, mapping to path=/"}}
[debug] [2025-11-25T09:53:47.467Z] [worker-pool] submitRequest(triggerId=us-central1-getDataFromNeon) {"metadata":{"emulator":{"name":"functions"},"message":"[worker-pool] submitRequest(triggerId=us-central1-getDataFromNeon)"}}
[info] i  functions: Beginning execution of "us-central1-getDataFromNeon" {"metadata":{"emulator":{"name":"functions"},"function":{"name":"us-central1-getDataFromNeon"},"extension":{},"message":"Beginning execution of \"us-central1-getDataFromNeon\""}}
[debug] [2025-11-25T09:53:47.467Z] [worker-us-central1-getDataFromNeon-b691b825-bdd4-428c-bc57-6bf0bc8d6864]: BUSY {"metadata":{"emulator":{"name":"functions"},"function":{"name":"us-central1-getDataFromNeon"},"extension":{},"message":"[worker-us-central1-getDataFromNeon-b691b825-bdd4-428c-bc57-6bf0bc8d6864]: BUSY"}}
[info] >  {"verifications":{"app":"MISSING","auth":"MISSING"},"logging.googleapis.com/labels":{"firebase-log-type":"callable-request-verification"},"severity":"DEBUG","message":"Callable request verification passed"} {"user":{"verifications":{"app":"MISSING","auth":"MISSING"},"logging.googleapis.com/labels":{"firebase-log-type":"callable-request-verification"},"severity":"DEBUG","message":"Callable request verification passed"},"metadata":{"emulator":{"name":"functions"},"function":{"name":"us-central1-getDataFromNeon"},"extension":{},"message":"\u001b[90m> \u001b[39m {\"verifications\":{\"app\":\"MISSING\",\"auth\":\"MISSING\"},\"logging.googleapis.com/labels\":{\"firebase-log-type\":\"callable-request-verification\"},\"severity\":\"DEBUG\",\"message\":\"Callable request verification passed\"}"}}
[info] >  ✅ Function getDataFromNeon được gọi {"user":"✅ Function getDataFromNeon được gọi","metadata":{"emulator":{"name":"functions"},"function":{"name":"us-central1-getDataFromNeon"},"extension":{},"message":"\u001b[90m> \u001b[39m ✅ Function getDataFromNeon được gọi"}}
[info] >  ✅ Kết nối Neon thành công {"user":"✅ Kết nối Neon thành công","metadata":{"emulator":{"name":"functions"},"function":{"name":"us-central1-getDataFromNeon"},"extension":{},"message":"\u001b[90m> \u001b[39m ✅ Kết nối Neon thành công"}}
[info] >  ❌ Lỗi Database: relation "users" does not exist {"user":"❌ Lỗi Database: relation \"users\" does not exist","metadata":{"emulator":{"name":"functions"},"function":{"name":"us-central1-getDataFromNeon"},"extension":{},"message":"\u001b[90m> \u001b[39m ❌ Lỗi Database: relation \"users\" does not exist"}}
[info] >  ✅ Đã release connection {"user":"✅ Đã release connection","metadata":{"emulator":{"name":"functions"},"function":{"name":"us-central1-getDataFromNeon"},"extension":{},"message":"\u001b[90m> \u001b[39m ✅ Đã release connection"}}
[debug] [2025-11-25T09:53:48.147Z] Finishing up request with event=pause {"metadata":{"emulator":{"name":"functions"},"function":{"name":"us-central1-getDataFromNeon"},"extension":{},"message":"Finishing up request with event=pause"}}
[info] i  functions: Finished "us-central1-getDataFromNeon" in 465.946625ms {"metadata":{"emulator":{"name":"functions"},"function":{"name":"us-central1-getDataFromNeon"},"extension":{},"message":"Finished \"us-central1-getDataFromNeon\" in 465.946625ms"}}
[debug] [2025-11-25T09:53:48.149Z] [worker-us-central1-getDataFromNeon-b691b825-bdd4-428c-bc57-6bf0bc8d6864]: IDLE {"metadata":{"emulator":{"name":"functions"},"function":{"name":"us-central1-getDataFromNeon"},"extension":{},"message":"[worker-us-central1-getDataFromNeon-b691b825-bdd4-428c-bc57-6bf0bc8d6864]: IDLE"}}
[debug] [2025-11-25T09:53:48.149Z] Finishing up request with event=finish {"metadata":{"emulator":{"name":"functions"},"function":{"name":"us-central1-getDataFromNeon"},"extension":{},"message":"Finishing up request with event=finish"}}
[debug] [2025-11-25T09:53:48.150Z] Finishing up request with event=close {"metadata":{"emulator":{"name":"functions"},"function":{"name":"us-central1-getDataFromNeon"},"extension":{},"message":"Finishing up request with event=close"}}
[debug] [2025-11-25T09:53:48.150Z] [work-queue] {"queuedWork":[],"queueLength":0,"runningWork":[],"workRunningCount":0}
[debug] [2025-11-25T09:56:13.881Z] File /Users/admin/Desktop/VKU/kì 5/Đồ án cơ sở 4/EAPP_Admin_Web/EAPP-admin-web/functions/index.js changed, reloading triggers {"metadata":{"emulator":{"name":"functions"},"message":"File /Users/admin/Desktop/VKU/kì 5/Đồ án cơ sở 4/EAPP_Admin_Web/EAPP-admin-web/functions/index.js changed, reloading triggers"}}
[debug] [2025-11-25T09:56:14.483Z] File /Users/admin/Desktop/VKU/kì 5/Đồ án cơ sở 4/EAPP_Admin_Web/EAPP-admin-web/functions/index.js changed, reloading triggers {"metadata":{"emulator":{"name":"functions"},"message":"File /Users/admin/Desktop/VKU/kì 5/Đồ án cơ sở 4/EAPP_Admin_Web/EAPP-admin-web/functions/index.js changed, reloading triggers"}}
[debug] [2025-11-25T09:56:15.484Z] Validating nodejs source
[debug] [2025-11-25T09:56:16.061Z] > [functions] package.json contents: {
  "name": "functions",
  "description": "Cloud Functions for Firebase",
  "scripts": {
    "serve": "firebase emulators:start --only functions",
    "shell": "firebase functions:shell",
    "start": "npm run shell",
    "deploy": "firebase deploy --only functions",
    "logs": "firebase functions:log"
  },
  "engines": {
    "node": "24"
  },
  "main": "index.js",
  "dependencies": {
    "dotenv": "^17.2.3",
    "firebase-admin": "^13.6.0",
    "firebase-functions": "^7.0.0",
    "pg": "^8.16.3"
  },
  "devDependencies": {
    "firebase-functions-test": "^3.4.1"
  },
  "private": true
}
[debug] [2025-11-25T09:56:16.063Z] Building nodejs source
[debug] [2025-11-25T09:56:16.063Z] Failed to find version of module node: reached end of search path /Users/admin/Desktop/VKU/kì 5/Đồ án cơ sở 4/EAPP_Admin_Web/EAPP-admin-web/functions/node_modules
[info] ✔  functions: Using node@24 from host. 
[info] i  functions: Loaded environment variables from .env. 
[debug] [2025-11-25T09:56:16.066Z] Could not find functions.yaml. Must use http discovery
[debug] [2025-11-25T09:56:16.068Z] Found firebase-functions binary at '/Users/admin/Desktop/VKU/kì 5/Đồ án cơ sở 4/EAPP_Admin_Web/EAPP-admin-web/functions/node_modules/.bin/firebase-functions'
[info] Serving at port 8879

[info] [dotenv@17.2.3] injecting env (2) from .env -- tip: 🔐 prevent committing .env to code: https://dotenvx.com/precommit

[debug] [2025-11-25T09:56:16.411Z] Got response from /__/functions.yaml {"endpoints":{"getDataFromNeon":{"availableMemoryMb":null,"timeoutSeconds":null,"minInstances":null,"maxInstances":null,"ingressSettings":null,"concurrency":null,"serviceAccountEmail":null,"vpc":null,"platform":"gcfv2","labels":{},"callableTrigger":{},"entryPoint":"getDataFromNeon"}},"specVersion":"v1alpha1","requiredAPIs":[],"extensions":{}}
[info] ✔  functions: Loaded functions definitions from source: getDataFromNeon. {"metadata":{"emulator":{"name":"functions"},"message":"Loaded functions definitions from source: getDataFromNeon."}}
[debug] [2025-11-25T09:56:20.425Z] [worker-pool] Shutting down IDLE worker (us-central1-getDataFromNeon) {"metadata":{"emulator":{"name":"functions"},"message":"[worker-pool] Shutting down IDLE worker (us-central1-getDataFromNeon)"}}
[debug] [2025-11-25T09:56:20.425Z] [worker-us-central1-getDataFromNeon-b691b825-bdd4-428c-bc57-6bf0bc8d6864]: FINISHING {"metadata":{"emulator":{"name":"functions"},"function":{"name":"us-central1-getDataFromNeon"},"extension":{},"message":"[worker-us-central1-getDataFromNeon-b691b825-bdd4-428c-bc57-6bf0bc8d6864]: FINISHING"}}
[debug] [2025-11-25T09:56:20.429Z] [worker-us-central1-getDataFromNeon-b691b825-bdd4-428c-bc57-6bf0bc8d6864]: exited {"metadata":{"emulator":{"name":"functions"},"function":{"name":"us-central1-getDataFromNeon"},"extension":{},"message":"[worker-us-central1-getDataFromNeon-b691b825-bdd4-428c-bc57-6bf0bc8d6864]: exited"}}
[debug] [2025-11-25T09:56:20.429Z] [worker-us-central1-getDataFromNeon-b691b825-bdd4-428c-bc57-6bf0bc8d6864]: FINISHED {"metadata":{"emulator":{"name":"functions"},"function":{"name":"us-central1-getDataFromNeon"},"extension":{},"message":"[worker-us-central1-getDataFromNeon-b691b825-bdd4-428c-bc57-6bf0bc8d6864]: FINISHED"}}
[debug] [2025-11-25T09:56:27.435Z] [work-queue] {"queuedWork":["/learningenglishvocab-89721/us-central1/getDataFromNeon-2025-11-25T09:56:27.435Z"],"queueLength":1,"runningWork":[],"workRunningCount":0}
[debug] [2025-11-25T09:56:27.435Z] [work-queue] {"queuedWork":[],"queueLength":0,"runningWork":["/learningenglishvocab-89721/us-central1/getDataFromNeon-2025-11-25T09:56:27.435Z"],"workRunningCount":1}
[debug] [2025-11-25T09:56:27.435Z] Accepted request OPTIONS /learningenglishvocab-89721/us-central1/getDataFromNeon --> us-central1-getDataFromNeon
[debug] [2025-11-25T09:56:27.437Z] [functions] Runtime ready! Sending request! {"metadata":{"emulator":{"name":"functions"},"message":"[functions] Runtime ready! Sending request!"}}
[debug] [2025-11-25T09:56:27.437Z] [functions] Got req.url=/learningenglishvocab-89721/us-central1/getDataFromNeon, mapping to path=/ {"metadata":{"emulator":{"name":"functions"},"message":"[functions] Got req.url=/learningenglishvocab-89721/us-central1/getDataFromNeon, mapping to path=/"}}
[debug] [2025-11-25T09:56:27.437Z] [worker-pool] Cleaned up workers for us-central1-getDataFromNeon: 1 --> 0 {"metadata":{"emulator":{"name":"functions"},"message":"[worker-pool] Cleaned up workers for us-central1-getDataFromNeon: 1 --> 0"}}
[info] i  functions: Loaded environment variables from .env. 
[debug] [2025-11-25T09:56:27.440Z] [worker-pool] addWorker(us-central1-getDataFromNeon) {"metadata":{"emulator":{"name":"functions"},"message":"[worker-pool] addWorker(us-central1-getDataFromNeon)"}}
[debug] [2025-11-25T09:56:27.441Z] [worker-pool] Adding worker with key us-central1-getDataFromNeon, total=1 {"metadata":{"emulator":{"name":"functions"},"message":"[worker-pool] Adding worker with key us-central1-getDataFromNeon, total=1"}}
[debug] [2025-11-25T09:56:28.109Z] [runtime-status] [75456] Resolved module firebase-admin {"declared":true,"installed":true,"version":"13.6.0","resolution":"/Users/admin/Desktop/VKU/kì 5/Đồ án cơ sở 4/EAPP_Admin_Web/EAPP-admin-web/functions/node_modules/firebase-admin/lib/index.js"} {"metadata":{"emulator":{"name":"functions"},"function":{"name":"us-central1-getDataFromNeon"},"extension":{},"message":"[runtime-status] [75456] Resolved module firebase-admin {\"declared\":true,\"installed\":true,\"version\":\"13.6.0\",\"resolution\":\"/Users/admin/Desktop/VKU/kì 5/Đồ án cơ sở 4/EAPP_Admin_Web/EAPP-admin-web/functions/node_modules/firebase-admin/lib/index.js\"}"}}
[debug] [2025-11-25T09:56:28.109Z] [runtime-status] [75456] Resolved module firebase-functions {"declared":true,"installed":true,"version":"7.0.0","resolution":"/Users/admin/Desktop/VKU/kì 5/Đồ án cơ sở 4/EAPP_Admin_Web/EAPP-admin-web/functions/node_modules/firebase-functions/lib/v2/index.js"} {"metadata":{"emulator":{"name":"functions"},"function":{"name":"us-central1-getDataFromNeon"},"extension":{},"message":"[runtime-status] [75456] Resolved module firebase-functions {\"declared\":true,\"installed\":true,\"version\":\"7.0.0\",\"resolution\":\"/Users/admin/Desktop/VKU/kì 5/Đồ án cơ sở 4/EAPP_Admin_Web/EAPP-admin-web/functions/node_modules/firebase-functions/lib/v2/index.js\"}"}}
[debug] [2025-11-25T09:56:28.109Z] [runtime-status] [75456] Outgoing network have been stubbed. [{"name":"http","status":"mocked"},{"name":"http","status":"mocked"},{"name":"https","status":"mocked"},{"name":"https","status":"mocked"},{"name":"net","status":"mocked"}] {"metadata":{"emulator":{"name":"functions"},"function":{"name":"us-central1-getDataFromNeon"},"extension":{},"message":"[runtime-status] [75456] Outgoing network have been stubbed. [{\"name\":\"http\",\"status\":\"mocked\"},{\"name\":\"http\",\"status\":\"mocked\"},{\"name\":\"https\",\"status\":\"mocked\"},{\"name\":\"https\",\"status\":\"mocked\"},{\"name\":\"net\",\"status\":\"mocked\"}]"}}
[debug] [2025-11-25T09:56:28.110Z] [runtime-status] [75456] Resolved module firebase-functions {"declared":true,"installed":true,"version":"7.0.0","resolution":"/Users/admin/Desktop/VKU/kì 5/Đồ án cơ sở 4/EAPP_Admin_Web/EAPP-admin-web/functions/node_modules/firebase-functions/lib/v2/index.js"} {"metadata":{"emulator":{"name":"functions"},"function":{"name":"us-central1-getDataFromNeon"},"extension":{},"message":"[runtime-status] [75456] Resolved module firebase-functions {\"declared\":true,\"installed\":true,\"version\":\"7.0.0\",\"resolution\":\"/Users/admin/Desktop/VKU/kì 5/Đồ án cơ sở 4/EAPP_Admin_Web/EAPP-admin-web/functions/node_modules/firebase-functions/lib/v2/index.js\"}"}}
[debug] [2025-11-25T09:56:28.110Z] [runtime-status] [75456] Detected firebase-functions v7+, skipping config helper. {"metadata":{"emulator":{"name":"functions"},"function":{"name":"us-central1-getDataFromNeon"},"extension":{},"message":"[runtime-status] [75456] Detected firebase-functions v7+, skipping config helper."}}
[debug] [2025-11-25T09:56:28.110Z] [runtime-status] [75456] Resolved module firebase-functions {"declared":true,"installed":true,"version":"7.0.0","resolution":"/Users/admin/Desktop/VKU/kì 5/Đồ án cơ sở 4/EAPP_Admin_Web/EAPP-admin-web/functions/node_modules/firebase-functions/lib/v2/index.js"} {"metadata":{"emulator":{"name":"functions"},"function":{"name":"us-central1-getDataFromNeon"},"extension":{},"message":"[runtime-status] [75456] Resolved module firebase-functions {\"declared\":true,\"installed\":true,\"version\":\"7.0.0\",\"resolution\":\"/Users/admin/Desktop/VKU/kì 5/Đồ án cơ sở 4/EAPP_Admin_Web/EAPP-admin-web/functions/node_modules/firebase-functions/lib/v2/index.js\"}"}}
[debug] [2025-11-25T09:56:28.110Z] [runtime-status] [75456] Detected firebase-functions v7+, skipping legacy stubs. {"metadata":{"emulator":{"name":"functions"},"function":{"name":"us-central1-getDataFromNeon"},"extension":{},"message":"[runtime-status] [75456] Detected firebase-functions v7+, skipping legacy stubs."}}
[debug] [2025-11-25T09:56:28.110Z] [runtime-status] [75456] Resolved module firebase-admin {"declared":true,"installed":true,"version":"13.6.0","resolution":"/Users/admin/Desktop/VKU/kì 5/Đồ án cơ sở 4/EAPP_Admin_Web/EAPP-admin-web/functions/node_modules/firebase-admin/lib/index.js"} {"metadata":{"emulator":{"name":"functions"},"function":{"name":"us-central1-getDataFromNeon"},"extension":{},"message":"[runtime-status] [75456] Resolved module firebase-admin {\"declared\":true,\"installed\":true,\"version\":\"13.6.0\",\"resolution\":\"/Users/admin/Desktop/VKU/kì 5/Đồ án cơ sở 4/EAPP_Admin_Web/EAPP-admin-web/functions/node_modules/firebase-admin/lib/index.js\"}"}}
[debug] [2025-11-25T09:56:28.145Z] [runtime-status] [75456] Resolved module firebase-functions {"declared":true,"installed":true,"version":"7.0.0","resolution":"/Users/admin/Desktop/VKU/kì 5/Đồ án cơ sở 4/EAPP_Admin_Web/EAPP-admin-web/functions/node_modules/firebase-functions/lib/v2/index.js"} {"metadata":{"emulator":{"name":"functions"},"function":{"name":"us-central1-getDataFromNeon"},"extension":{},"message":"[runtime-status] [75456] Resolved module firebase-functions {\"declared\":true,\"installed\":true,\"version\":\"7.0.0\",\"resolution\":\"/Users/admin/Desktop/VKU/kì 5/Đồ án cơ sở 4/EAPP_Admin_Web/EAPP-admin-web/functions/node_modules/firebase-functions/lib/v2/index.js\"}"}}
[debug] [2025-11-25T09:56:28.295Z] [runtime-status] [75456] firebase-admin has been stubbed. {"adminResolution":{"declared":true,"installed":true,"version":"13.6.0","resolution":"/Users/admin/Desktop/VKU/kì 5/Đồ án cơ sở 4/EAPP_Admin_Web/EAPP-admin-web/functions/node_modules/firebase-admin/lib/index.js"}} {"metadata":{"emulator":{"name":"functions"},"function":{"name":"us-central1-getDataFromNeon"},"extension":{},"message":"[runtime-status] [75456] firebase-admin has been stubbed. {\"adminResolution\":{\"declared\":true,\"installed\":true,\"version\":\"13.6.0\",\"resolution\":\"/Users/admin/Desktop/VKU/kì 5/Đồ án cơ sở 4/EAPP_Admin_Web/EAPP-admin-web/functions/node_modules/firebase-admin/lib/index.js\"}}"}}
[info] >  [dotenv@17.2.3] injecting env (0) from .env -- tip: ⚙️  specify custom .env file path with { path: '/custom/path/.env' } {"user":"[dotenv@17.2.3] injecting env (0) from .env -- tip: ⚙️  specify custom .env file path with { path: '/custom/path/.env' }","metadata":{"emulator":{"name":"functions"},"function":{"name":"us-central1-getDataFromNeon"},"extension":{},"message":"\u001b[90m> \u001b[39m [dotenv@17.2.3] injecting env (0) from .env -- tip: ⚙️  specify custom .env file path with { path: '/custom/path/.env' }"}}
[debug] [2025-11-25T09:56:28.309Z] [runtime-status] [75456] Functions runtime initialized. {"cwd":"/Users/admin/Desktop/VKU/kì 5/Đồ án cơ sở 4/EAPP_Admin_Web/EAPP-admin-web/functions","node_version":"24.3.0"} {"metadata":{"emulator":{"name":"functions"},"function":{"name":"us-central1-getDataFromNeon"},"extension":{},"message":"[runtime-status] [75456] Functions runtime initialized. {\"cwd\":\"/Users/admin/Desktop/VKU/kì 5/Đồ án cơ sở 4/EAPP_Admin_Web/EAPP-admin-web/functions\",\"node_version\":\"24.3.0\"}"}}
[debug] [2025-11-25T09:56:28.309Z] [runtime-status] [75456] Listening to port: /var/folders/yv/m6xg0wq90m5d6836mffnz9300000gn/T/fire_emu_b060524612139693.sock {"metadata":{"emulator":{"name":"functions"},"function":{"name":"us-central1-getDataFromNeon"},"extension":{},"message":"[runtime-status] [75456] Listening to port: /var/folders/yv/m6xg0wq90m5d6836mffnz9300000gn/T/fire_emu_b060524612139693.sock"}}
[debug] [2025-11-25T09:56:28.358Z] [worker-us-central1-getDataFromNeon-0d39aed5-7e9b-4fc4-be28-515ae439903b]: IDLE {"metadata":{"emulator":{"name":"functions"},"function":{"name":"us-central1-getDataFromNeon"},"extension":{},"message":"[worker-us-central1-getDataFromNeon-0d39aed5-7e9b-4fc4-be28-515ae439903b]: IDLE"}}
[debug] [2025-11-25T09:56:28.358Z] [worker-pool] submitRequest(triggerId=us-central1-getDataFromNeon) {"metadata":{"emulator":{"name":"functions"},"message":"[worker-pool] submitRequest(triggerId=us-central1-getDataFromNeon)"}}
[info] i  functions: Beginning execution of "us-central1-getDataFromNeon" {"metadata":{"emulator":{"name":"functions"},"function":{"name":"us-central1-getDataFromNeon"},"extension":{},"message":"Beginning execution of \"us-central1-getDataFromNeon\""}}
[debug] [2025-11-25T09:56:28.358Z] [worker-us-central1-getDataFromNeon-0d39aed5-7e9b-4fc4-be28-515ae439903b]: BUSY {"metadata":{"emulator":{"name":"functions"},"function":{"name":"us-central1-getDataFromNeon"},"extension":{},"message":"[worker-us-central1-getDataFromNeon-0d39aed5-7e9b-4fc4-be28-515ae439903b]: BUSY"}}
[debug] [2025-11-25T09:56:28.359Z] Finishing up request with event=pause {"metadata":{"emulator":{"name":"functions"},"function":{"name":"us-central1-getDataFromNeon"},"extension":{},"message":"Finishing up request with event=pause"}}
[info] i  functions: Finished "us-central1-getDataFromNeon" in 1.48425ms {"metadata":{"emulator":{"name":"functions"},"function":{"name":"us-central1-getDataFromNeon"},"extension":{},"message":"Finished \"us-central1-getDataFromNeon\" in 1.48425ms"}}
[debug] [2025-11-25T09:56:28.360Z] [worker-us-central1-getDataFromNeon-0d39aed5-7e9b-4fc4-be28-515ae439903b]: IDLE {"metadata":{"emulator":{"name":"functions"},"function":{"name":"us-central1-getDataFromNeon"},"extension":{},"message":"[worker-us-central1-getDataFromNeon-0d39aed5-7e9b-4fc4-be28-515ae439903b]: IDLE"}}
[debug] [2025-11-25T09:56:28.360Z] Finishing up request with event=finish {"metadata":{"emulator":{"name":"functions"},"function":{"name":"us-central1-getDataFromNeon"},"extension":{},"message":"Finishing up request with event=finish"}}
[debug] [2025-11-25T09:56:28.360Z] Finishing up request with event=close {"metadata":{"emulator":{"name":"functions"},"function":{"name":"us-central1-getDataFromNeon"},"extension":{},"message":"Finishing up request with event=close"}}
[debug] [2025-11-25T09:56:28.360Z] [work-queue] {"queuedWork":[],"queueLength":0,"runningWork":[],"workRunningCount":0}
[debug] [2025-11-25T09:56:28.361Z] [work-queue] {"queuedWork":["/learningenglishvocab-89721/us-central1/getDataFromNeon-2025-11-25T09:56:28.361Z"],"queueLength":1,"runningWork":[],"workRunningCount":0}
[debug] [2025-11-25T09:56:28.361Z] [work-queue] {"queuedWork":[],"queueLength":0,"runningWork":["/learningenglishvocab-89721/us-central1/getDataFromNeon-2025-11-25T09:56:28.361Z"],"workRunningCount":1}
[debug] [2025-11-25T09:56:28.361Z] Accepted request POST /learningenglishvocab-89721/us-central1/getDataFromNeon --> us-central1-getDataFromNeon
[debug] [2025-11-25T09:56:28.361Z] [functions] Runtime ready! Sending request! {"metadata":{"emulator":{"name":"functions"},"message":"[functions] Runtime ready! Sending request!"}}
[debug] [2025-11-25T09:56:28.361Z] [functions] Got req.url=/learningenglishvocab-89721/us-central1/getDataFromNeon, mapping to path=/ {"metadata":{"emulator":{"name":"functions"},"message":"[functions] Got req.url=/learningenglishvocab-89721/us-central1/getDataFromNeon, mapping to path=/"}}
[debug] [2025-11-25T09:56:28.361Z] [worker-pool] submitRequest(triggerId=us-central1-getDataFromNeon) {"metadata":{"emulator":{"name":"functions"},"message":"[worker-pool] submitRequest(triggerId=us-central1-getDataFromNeon)"}}
[info] i  functions: Beginning execution of "us-central1-getDataFromNeon" {"metadata":{"emulator":{"name":"functions"},"function":{"name":"us-central1-getDataFromNeon"},"extension":{},"message":"Beginning execution of \"us-central1-getDataFromNeon\""}}
[debug] [2025-11-25T09:56:28.362Z] [worker-us-central1-getDataFromNeon-0d39aed5-7e9b-4fc4-be28-515ae439903b]: BUSY {"metadata":{"emulator":{"name":"functions"},"function":{"name":"us-central1-getDataFromNeon"},"extension":{},"message":"[worker-us-central1-getDataFromNeon-0d39aed5-7e9b-4fc4-be28-515ae439903b]: BUSY"}}
[info] >  {"verifications":{"app":"MISSING","auth":"MISSING"},"logging.googleapis.com/labels":{"firebase-log-type":"callable-request-verification"},"severity":"DEBUG","message":"Callable request verification passed"} {"user":{"verifications":{"app":"MISSING","auth":"MISSING"},"logging.googleapis.com/labels":{"firebase-log-type":"callable-request-verification"},"severity":"DEBUG","message":"Callable request verification passed"},"metadata":{"emulator":{"name":"functions"},"function":{"name":"us-central1-getDataFromNeon"},"extension":{},"message":"\u001b[90m> \u001b[39m {\"verifications\":{\"app\":\"MISSING\",\"auth\":\"MISSING\"},\"logging.googleapis.com/labels\":{\"firebase-log-type\":\"callable-request-verification\"},\"severity\":\"DEBUG\",\"message\":\"Callable request verification passed\"}"}}
[info] >  ✅ Function getDataFromNeon được gọi {"user":"✅ Function getDataFromNeon được gọi","metadata":{"emulator":{"name":"functions"},"function":{"name":"us-central1-getDataFromNeon"},"extension":{},"message":"\u001b[90m> \u001b[39m ✅ Function getDataFromNeon được gọi"}}
[info] >  ✅ Kết nối Neon thành công {"user":"✅ Kết nối Neon thành công","metadata":{"emulator":{"name":"functions"},"function":{"name":"us-central1-getDataFromNeon"},"extension":{},"message":"\u001b[90m> \u001b[39m ✅ Kết nối Neon thành công"}}
[info] >  ✅ Query thành công: 1 rows {"user":"✅ Query thành công: 1 rows","metadata":{"emulator":{"name":"functions"},"function":{"name":"us-central1-getDataFromNeon"},"extension":{},"message":"\u001b[90m> \u001b[39m ✅ Query thành công: 1 rows"}}
[info] >  ✅ Đã release connection {"user":"✅ Đã release connection","metadata":{"emulator":{"name":"functions"},"function":{"name":"us-central1-getDataFromNeon"},"extension":{},"message":"\u001b[90m> \u001b[39m ✅ Đã release connection"}}
[debug] [2025-11-25T09:56:28.838Z] Finishing up request with event=pause {"metadata":{"emulator":{"name":"functions"},"function":{"name":"us-central1-getDataFromNeon"},"extension":{},"message":"Finishing up request with event=pause"}}
[info] i  functions: Finished "us-central1-getDataFromNeon" in 476.894167ms {"metadata":{"emulator":{"name":"functions"},"function":{"name":"us-central1-getDataFromNeon"},"extension":{},"message":"Finished \"us-central1-getDataFromNeon\" in 476.894167ms"}}
[debug] [2025-11-25T09:56:28.839Z] [worker-us-central1-getDataFromNeon-0d39aed5-7e9b-4fc4-be28-515ae439903b]: IDLE {"metadata":{"emulator":{"name":"functions"},"function":{"name":"us-central1-getDataFromNeon"},"extension":{},"message":"[worker-us-central1-getDataFromNeon-0d39aed5-7e9b-4fc4-be28-515ae439903b]: IDLE"}}
[debug] [2025-11-25T09:56:28.840Z] Finishing up request with event=finish {"metadata":{"emulator":{"name":"functions"},"function":{"name":"us-central1-getDataFromNeon"},"extension":{},"message":"Finishing up request with event=finish"}}
[debug] [2025-11-25T09:56:28.840Z] Finishing up request with event=close {"metadata":{"emulator":{"name":"functions"},"function":{"name":"us-central1-getDataFromNeon"},"extension":{},"message":"Finishing up request with event=close"}}
[debug] [2025-11-25T09:56:28.841Z] [work-queue] {"queuedWork":[],"queueLength":0,"runningWork":[],"workRunningCount":0}
